---
source: crates/kg-core/tests/emit_snapshots.rs
expression: stmts
---
[
  {
    "cypher": "CREATE CONSTRAINT IF NOT EXISTS FOR (n:`Person`) REQUIRE (n.`name`) IS UNIQUE",
    "params": {}
  },
  {
    "cypher": "CREATE INDEX IF NOT EXISTS FOR (n:`Person`) ON (n.`age`)",
    "params": {}
  },
  {
    "cypher": "CREATE (n_1:`Person` $props_n_1)",
    "params": {
      "props_n_1": {
        "kind": "map",
        "value": {
          "name": {
            "kind": "string",
            "value": "Alice"
          }
        }
      }
    }
  },
  {
    "cypher": "CREATE (n_2:`Person` $props_n_2)",
    "params": {
      "props_n_2": {
        "kind": "map",
        "value": {
          "name": {
            "kind": "string",
            "value": "Bob"
          }
        }
      }
    }
  },
  {
    "cypher": "CREATE (n_1)-[r_3:`KNOWS` $props_r_3]->(n_2)",
    "params": {
      "props_r_3": {
        "kind": "map",
        "value": {
          "since": {
            "kind": "int",
            "value": 2020
          }
        }
      }
    }
  },
  {
    "cypher": "MATCH (n) WHERE id(n) = $id_42 SET n.`nick` = $set_42_nick REMOVE n.`dead`",
    "params": {
      "id_42": {
        "kind": "int",
        "value": 42
      },
      "set_42_nick": {
        "kind": "string",
        "value": "X"
      }
    }
  },
  {
    "cypher": "MATCH (n) WHERE id(n) = $id_99 DETACH DELETE n",
    "params": {
      "id_99": {
        "kind": "int",
        "value": 99
      }
    }
  }
]
