---
source: crates/kg-core/tests/emit_snapshots.rs
expression: out
---
{
  "ddl": [
    {
      "cypher": "CREATE CONSTRAINT IF NOT EXISTS FOR (n:`Person`) REQUIRE (n.`name`) IS UNIQUE",
      "params": {}
    },
    {
      "cypher": "CREATE INDEX IF NOT EXISTS FOR (n:`Person`) ON (n.`age`)",
      "params": {}
    }
  ],
  "data": {
    "cypher": "CREATE (n_1:`Person` $props_n_1)\nWITH *\nCREATE (n_2:`Person` $props_n_2)\nWITH *\nCREATE (n_1)-[r_3:`KNOWS` $props_r_3]->(n_2)\nWITH *\nMATCH (n_upd_42) WHERE id(n_upd_42) = $id_42 SET n_upd_42.`nick` = $set_42_nick REMOVE n_upd_42.`dead`\nWITH *\nMATCH (n_del_99) WHERE id(n_del_99) = $id_99 DETACH DELETE n_del_99",
    "params": {
      "id_42": {
        "kind": "int",
        "value": 42
      },
      "id_99": {
        "kind": "int",
        "value": 99
      },
      "props_n_1": {
        "kind": "map",
        "value": {
          "name": {
            "kind": "string",
            "value": "Alice"
          }
        }
      },
      "props_n_2": {
        "kind": "map",
        "value": {
          "name": {
            "kind": "string",
            "value": "Bob"
          }
        }
      },
      "props_r_3": {
        "kind": "map",
        "value": {
          "since": {
            "kind": "int",
            "value": 2020
          }
        }
      },
      "set_42_nick": {
        "kind": "string",
        "value": "X"
      }
    }
  }
}
